// Jest Snapshot v1, https://goo.gl/fbAQLP

exports[`FactionButtonGroup matches the snapshot 1`] = `
<div>
  <div
    class="btn-group btn-group-toggle"
    data-toggle="buttons"
  >
    <label
      class="btn btn-light faction-label active"
      title="Rebel"
    >
      <input
        autocomplete="off"
        checked=""
        id="rebel"
        name="faction"
        type="radio"
        value="rebel"
      />
      <img
        class="rebel-faction-img mx-1"
      />
    </label>
    <label
      class="btn btn-light faction-label"
      title="Empire"
    >
      <input
        autocomplete="off"
        id="empire"
        name="faction"
        type="radio"
        value="empire"
      />
      <img
        class="empire-faction-img mx-1"
      />
    </label>
    <label
      class="btn btn-light faction-label"
      title="Republic"
    >
      <input
        autocomplete="off"
        id="republic"
        name="faction"
        type="radio"
        value="republic"
      />
      <img
        class="republic-faction-img mx-1"
      />
    </label>
    <label
      class="btn btn-light faction-label"
      title="Separatist"
    >
      <input
        autocomplete="off"
        id="separatist"
        name="faction"
        type="radio"
        value="separatist"
      />
      <img
        class="separatist-faction-img mx-1"
      />
    </label>
  </div>
</div>
`;
