// Jest Snapshot v1, https://goo.gl/fbAQLP

exports[`ItemSelector matches the snapshot 1`] = `
<div>
  <select
    aria-label="testSelector"
    class="rounded-lg px-2 ml-2"
    id="ws-5-itemSelect"
  >
    <option
      value=""
    />
    <option
      value="Anakin's Lightsaber"
    >
      Anakin's Lightsaber
    </option>
    <option
      value="Luke's DL-44 Blaster Pistol"
    >
      Luke's DL-44 Blaster Pistol
    </option>
  </select>
</div>
`;
