// Jest Snapshot v1, https://goo.gl/fbAQLP

exports[`AttackTokens matches the snapshot 1`] = `
<div>
  <div>
    <div
      class="single-result justify-content-center my-2"
    >
      <div
        class="collapse.show token-parent"
      >
        <button
          class="btn border btn-light border-secondary rounded-lg mx-1 token-counter-aim"
          title="Aim"
        />
        <span
          class="token-count"
        >
          0
        </span>
      </div>
      <div
        class="collapse.show token-parent"
      >
        <button
          class="btn border btn-light border-secondary rounded-lg mx-1 token-counter-surge"
          title="Surge"
        />
        <span
          class="token-count"
        >
          0
        </span>
      </div>
      <button
        class="btn btn-secondary border rounded-lg clear-button mx-2 my-auto"
        title="Clear attack tokens"
      />
    </div>
  </div>
</div>
`;
